// Jest Snapshot v1, https://goo.gl/fbAQLP

exports[`Sample renders correctly 1`] = `
<div
  class="sample"
>
  <h1>
    Sample Header
  </h1>
</div>
`;
